[0m22:58:30.724218 [debug] [MainThread]: Sending event: {'category': 'dbt', 'action': 'invocation', 'label': 'start', 'context': [<snowplow_tracker.self_describing_json.SelfDescribingJson object at 0x0000014EB7D57F10>, <snowplow_tracker.self_describing_json.SelfDescribingJson object at 0x0000014EB7D56990>, <snowplow_tracker.self_describing_json.SelfDescribingJson object at 0x0000014EB7D57290>]}


============================== 22:58:30.733710 | 64516bbb-11f8-4d60-bdaf-66dff0888e2f ==============================
[0m22:58:30.733710 [info ] [MainThread]: Running with dbt=1.11.5
[0m22:58:30.735708 [debug] [MainThread]: running dbt with arguments {'version_check': 'True', 'no_print': 'None', 'static_parser': 'True', 'target_path': 'None', 'warn_error_options': 'WarnErrorOptionsV2(error=[], warn=[], silence=[])', 'printer_width': '80', 'write_json': 'True', 'empty': 'None', 'log_cache_events': 'False', 'introspect': 'True', 'cache_selected_only': 'False', 'fail_fast': 'False', 'debug': 'False', 'log_format': 'default', 'partial_parse': 'True', 'send_anonymous_usage_stats': 'True', 'quiet': 'False', 'warn_error': 'None', 'profiles_dir': 'C:\\Users\\Evans Moseti\\.dbt', 'invocation_command': 'dbt init chinook_analytics', 'indirect_selection': 'eager', 'use_colors': 'True', 'use_experimental_parser': 'False', 'log_path': 'logs'}
[0m22:58:30.795067 [debug] [MainThread]: Starter project path: C:\kev\chinook_music\chinook\venv\Lib\site-packages\dbt\include\starter_project
[0m22:58:30.873173 [info ] [MainThread]: 
Your new dbt project "chinook_analytics" was created!

For more information on how to configure the profiles.yml file,
please consult the dbt documentation here:

  https://docs.getdbt.com/docs/configure-your-profile

One more thing:

Need help? Don't hesitate to reach out to us via GitHub issues or on Slack:

  https://community.getdbt.com/

Happy modeling!

[0m22:58:30.878215 [info ] [MainThread]: Setting up your profile.
[0m22:58:36.184024 [debug] [MainThread]: Command `dbt init` succeeded at 22:58:36.183024 after 5.63 seconds
[0m22:58:36.184024 [debug] [MainThread]: Sending event: {'category': 'dbt', 'action': 'invocation', 'label': 'end', 'context': [<snowplow_tracker.self_describing_json.SelfDescribingJson object at 0x0000014EB1139A10>, <snowplow_tracker.self_describing_json.SelfDescribingJson object at 0x0000014EB1139F50>, <snowplow_tracker.self_describing_json.SelfDescribingJson object at 0x0000014EB7AE9690>]}
[0m22:58:36.185019 [debug] [MainThread]: Flushing usage events
[0m22:58:37.243428 [debug] [MainThread]: An error was encountered while trying to flush usage events
[0m00:15:30.930409 [debug] [MainThread]: Sending event: {'category': 'dbt', 'action': 'invocation', 'label': 'start', 'context': [<snowplow_tracker.self_describing_json.SelfDescribingJson object at 0x000002DC334B7D10>, <snowplow_tracker.self_describing_json.SelfDescribingJson object at 0x000002DC334B4FD0>, <snowplow_tracker.self_describing_json.SelfDescribingJson object at 0x000002DC334B4950>]}


============================== 00:15:30.940124 | 7502d430-f8c2-4bff-83cb-37038d427ae3 ==============================
[0m00:15:30.940124 [info ] [MainThread]: Running with dbt=1.11.5
[0m00:15:30.942120 [debug] [MainThread]: running dbt with arguments {'static_parser': 'True', 'no_print': 'None', 'version_check': 'True', 'warn_error_options': 'WarnErrorOptionsV2(error=[], warn=[], silence=[])', 'target_path': 'None', 'printer_width': '80', 'write_json': 'True', 'empty': 'False', 'log_cache_events': 'False', 'introspect': 'True', 'cache_selected_only': 'False', 'log_format': 'default', 'debug': 'False', 'fail_fast': 'False', 'profiles_dir': 'C:\\Users\\Evans Moseti\\.dbt', 'send_anonymous_usage_stats': 'True', 'quiet': 'False', 'warn_error': 'None', 'partial_parse': 'True', 'indirect_selection': 'eager', 'use_colors': 'True', 'invocation_command': 'dbt run', 'use_experimental_parser': 'False', 'log_path': 'logs'}
[0m00:15:30.943155 [error] [MainThread]: Encountered an error:
Runtime Error
  No dbt_project.yml found at expected path C:\kev\chinook_music\chinook\dbt_project.yml
  Verify that each entry within packages.yml (and their transitive dependencies) contains a file named dbt_project.yml
  
[0m00:15:30.946145 [debug] [MainThread]: Command `dbt run` failed at 00:15:30.946145 after 0.15 seconds
[0m00:15:30.947142 [debug] [MainThread]: Sending event: {'category': 'dbt', 'action': 'invocation', 'label': 'end', 'context': [<snowplow_tracker.self_describing_json.SelfDescribingJson object at 0x000002DC2C7DA190>, <snowplow_tracker.self_describing_json.SelfDescribingJson object at 0x000002DC334A34D0>, <snowplow_tracker.self_describing_json.SelfDescribingJson object at 0x000002DC334A2ED0>]}
[0m00:15:30.948105 [debug] [MainThread]: Flushing usage events
[0m00:15:31.843335 [debug] [MainThread]: An error was encountered while trying to flush usage events
